../Core/Src/main.c:71:6:ADC_Select_CH1	24	static
../Core/Src/main.c:84:6:ADC_Select_CH2	24	static
../Core/Src/main.c:103:5:main	8	static
../Core/Src/main.c:161:6:SystemClock_Config	88	static
../Core/Src/main.c:207:13:MX_ADC1_Init	24	static
../Core/Src/main.c:252:13:MX_I2C1_Init	8	static
../Core/Src/main.c:286:13:MX_I2S3_Init	8	static
../Core/Src/main.c:320:13:MX_SPI1_Init	8	static
../Core/Src/main.c:358:13:MX_GPIO_Init	56	static
../Core/Src/main.c:457:6:Error_Handler	4	static,ignoring_inline_asm
